Summary:
CQL inserting blank key.
Description:
One of our application bug inserted blank key into cluster causing assertion error on key. After checking the root cause, I found it is the bug with CQL and reproducible. Client cassandra-node and cqlsh-1.0.6.
Blank key only work when one column provided.
{}
cqlsh> insert into login (KEY,email)values('','');
cqlsh> select * from login;
u'' | u'email',u''
cqlsh> insert into login (KEY,email,verified)values('','','');
Request did not complete within rpc_timeout.
cqlsh> insert into login (KEY,verified)values('','');
Request did not complete within rpc_timeout.
cqlsh> insert into login (KEY,email)values('','');
cqlsh>
cqlsh> select * from login;
u'' | u'email',u'' | u'uid',None
cqlsh> select * from login;
u'' | u'email',u'' | u'uid',None
cqlsh> select * from login;
u'' | u'email',u'' | u'uid',None
cqlsh>
cqlsh> select * from login;
u'' | u'email',u'' | u'uid',None
u'samalgorai@gmail.com' | u'email',u'samalgorai@gmail.com' | u'password',u'388ad1c312a488ee9e12998fe097f2258fa8d5ee' | u'uid',UUID('05ea41dc-241f-11e1-8521-3da59237b189') | u'verified',u'0'
cqlsh> quit;
{/}
http://pastebin.com/HJn5fHhH
Status:
RESOLVED
Priority:
Low
Resolution:
Fixed
Affects_version:

Fix_version:
1.0.9, 1.1.0
Component:
Legacy/CQL
Label:
cql
Environment:
ubuntu
Attachment number:
0
Assignee:
paul cannon
Reporter:
samal
Create date:
11/Dec/11 18:01
Update date:
16/Apr/19 09:32
Resolved date:
28/Mar/12 17:06
