Summary:
OfflineMetaRepair doesn't support hadoop 0.20's fs.default.name property
Description:
I want to use "OfflineMetaRepair" tools and found onbody fix this bugs. I will make a patch.
> 12/01/05 23:23:30 ERROR util.HBaseFsck: Bailed out due to:
> java.lang.IllegalArgumentException: Wrong FS: hdfs://
> us01-ciqps1-name01.carrieriq.com:9000/hbase/M2M-INTEGRATION-MM_TION-13
> 25190318714/0003d2ede27668737e192d8430dbe5d0/.regioninfo,
> expected: file:///
> at org.apache.hadoop.fs.FileSystem.checkPath(FileSystem.java:352)
> at
> org.apache.hadoop.fs.RawLocalFileSystem.pathToFile(RawLocalFileSystem.java:47)
> at
> org.apache.hadoop.fs.RawLocalFileSystem.getFileStatus(RawLocalFileSystem.java:368)
> at
> org.apache.hadoop.fs.FilterFileSystem.getFileStatus(FilterFileSystem.java:251)
> at
> org.apache.hadoop.fs.ChecksumFileSystem$ChecksumFSInputChecker.<init>(ChecksumFileSystem.java:126)
> at
> org.apache.hadoop.fs.ChecksumFileSystem.open(ChecksumFileSystem.java:284)
> at org.apache.hadoop.fs.FileSystem.open(FileSystem.java:398)
> at
> org.apache.hadoop.hbase.util.HBaseFsck.loadMetaEntry(HBaseFsck.java:256)
> at
> org.apache.hadoop.hbase.util.HBaseFsck.loadTableInfo(HBaseFsck.java:284)
> at
> org.apache.hadoop.hbase.util.HBaseFsck.rebuildMeta(HBaseFsck.java:402)
> at
> org.apache.hadoop.hbase.util.hbck.OfflineMetaRepair.main(OfflineMetaRe
Status:
CLOSED
Priority:
Minor
Resolution:
Fixed
Affects_version:
0.90.6
Fix_version:
0.94.0, 0.95.0
Component:
None
Label:
None
Environment:

Attachment number:
0
Assignee:
gaojinchao
Reporter:
gaojinchao
Create date:
29/Feb/12 03:39
Update date:
26/Feb/13 08:13
Resolved date:
13/Apr/12 06:45
